-- This file and its contents are licensed under the Timescale License.
-- Please see the included NOTICE for copyright information and
-- LICENSE-TIMESCALE for a copy of the license.
CREATE TABLE continuous_agg_test(time int, data int);
select create_hypertable('continuous_agg_test', 'time', chunk_time_interval=> 10);
NOTICE:  adding not-null constraint to column "time"
        create_hypertable         
----------------------------------
 (1,public,continuous_agg_test,t)
(1 row)

-- watermark tabels start out empty
SELECT * FROM _timescaledb_catalog.continuous_aggs_invalidation_threshold;
 hypertable_id | watermark 
---------------+-----------
(0 rows)

SELECT * from _timescaledb_catalog.continuous_aggs_hypertable_invalidation_log;
 hypertable_id | lowest_modified_value | greatest_modified_value 
---------------+-----------------------+-------------------------
(0 rows)

-- inserting into a table that does not have continuous_agg_insert_trigger doesn't change the watermark
INSERT INTO continuous_agg_test VALUES (10, 1), (11, 2), (21, 3), (22, 4);
SELECT * FROM _timescaledb_catalog.continuous_aggs_invalidation_threshold;
 hypertable_id | watermark 
---------------+-----------
(0 rows)

SELECT * from _timescaledb_catalog.continuous_aggs_hypertable_invalidation_log;
 hypertable_id | lowest_modified_value | greatest_modified_value 
---------------+-----------------------+-------------------------
(0 rows)

-- create the trigger
CREATE TRIGGER continuous_agg_insert_trigger
    AFTER INSERT ON continuous_agg_test
    FOR EACH ROW EXECUTE PROCEDURE _timescaledb_internal.continuous_agg_invalidation_trigger(1);
-- inserting into the table still doesn't change the watermark since there's no
-- continuous_aggs_invalidation_threshold. We treat that case as a invalidation_watermark of
-- BIG_INT_MIN, since the first run of the aggregation will need to scan the
-- entire table anyway.
INSERT INTO continuous_agg_test VALUES (10, 1), (11, 2), (21, 3), (22, 4);
SELECT * FROM _timescaledb_catalog.continuous_aggs_invalidation_threshold;
 hypertable_id | watermark 
---------------+-----------
(0 rows)

SELECT * from _timescaledb_catalog.continuous_aggs_hypertable_invalidation_log;
 hypertable_id | lowest_modified_value | greatest_modified_value 
---------------+-----------------------+-------------------------
(0 rows)

-- set the continuous_aggs_invalidation_threshold to 15, any insertions below that value need an invalidation
\c :TEST_DBNAME :ROLE_SUPERUSER
INSERT INTO _timescaledb_catalog.continuous_aggs_invalidation_threshold VALUES (1, 15);
\c :TEST_DBNAME :ROLE_DEFAULT_PERM_USER
INSERT INTO continuous_agg_test VALUES (10, 1), (11, 2), (21, 3), (22, 4);
SELECT * FROM _timescaledb_catalog.continuous_aggs_invalidation_threshold;
 hypertable_id | watermark 
---------------+-----------
             1 |        15
(1 row)

SELECT * from _timescaledb_catalog.continuous_aggs_hypertable_invalidation_log;
 hypertable_id | lowest_modified_value | greatest_modified_value 
---------------+-----------------------+-------------------------
             1 |                    10 |                      15
(1 row)

-- INSERTs only above the continuous_aggs_invalidation_threshold won't change the continuous_aggs_hypertable_invalidation_log
INSERT INTO continuous_agg_test VALUES (21, 3), (22, 4);
SELECT * FROM _timescaledb_catalog.continuous_aggs_invalidation_threshold;
 hypertable_id | watermark 
---------------+-----------
             1 |        15
(1 row)

SELECT * from _timescaledb_catalog.continuous_aggs_hypertable_invalidation_log;
 hypertable_id | lowest_modified_value | greatest_modified_value 
---------------+-----------------------+-------------------------
             1 |                    10 |                      15
(1 row)

-- INSERTs only below the continuous_aggs_invalidation_threshold will change the continuous_aggs_hypertable_invalidation_log
INSERT INTO continuous_agg_test VALUES (10, 1), (11, 2);
SELECT * FROM _timescaledb_catalog.continuous_aggs_invalidation_threshold;
 hypertable_id | watermark 
---------------+-----------
             1 |        15
(1 row)

SELECT * from _timescaledb_catalog.continuous_aggs_hypertable_invalidation_log;
 hypertable_id | lowest_modified_value | greatest_modified_value 
---------------+-----------------------+-------------------------
             1 |                    10 |                      15
             1 |                    10 |                      11
(2 rows)

-- test INSERTing other values
INSERT INTO continuous_agg_test VALUES (1, 7), (12, 6), (24, 5), (51, 4);
SELECT * FROM _timescaledb_catalog.continuous_aggs_invalidation_threshold;
 hypertable_id | watermark 
---------------+-----------
             1 |        15
(1 row)

SELECT * from _timescaledb_catalog.continuous_aggs_hypertable_invalidation_log;
 hypertable_id | lowest_modified_value | greatest_modified_value 
---------------+-----------------------+-------------------------
             1 |                    10 |                      15
             1 |                    10 |                      11
             1 |                     1 |                      15
(3 rows)

-- INSERT after dropping a COLUMN
ALTER TABLE continuous_agg_test DROP COLUMN data;
INSERT INTO continuous_agg_test VALUES (-1), (-2), (-3), (-4);
SELECT * FROM _timescaledb_catalog.continuous_aggs_invalidation_threshold;
 hypertable_id | watermark 
---------------+-----------
             1 |        15
(1 row)

SELECT * from _timescaledb_catalog.continuous_aggs_hypertable_invalidation_log;
 hypertable_id | lowest_modified_value | greatest_modified_value 
---------------+-----------------------+-------------------------
             1 |                    10 |                      15
             1 |                    10 |                      11
             1 |                     1 |                      15
             1 |                    -4 |                      -1
(4 rows)

INSERT INTO continuous_agg_test VALUES (100);
SELECT * FROM _timescaledb_catalog.continuous_aggs_invalidation_threshold;
 hypertable_id | watermark 
---------------+-----------
             1 |        15
(1 row)

SELECT * from _timescaledb_catalog.continuous_aggs_hypertable_invalidation_log;
 hypertable_id | lowest_modified_value | greatest_modified_value 
---------------+-----------------------+-------------------------
             1 |                    10 |                      15
             1 |                    10 |                      11
             1 |                     1 |                      15
             1 |                    -4 |                      -1
(4 rows)

-- INSERT after adding a COLUMN
ALTER TABLE continuous_agg_test ADD COLUMN d BOOLEAN;
INSERT INTO continuous_agg_test VALUES (-6, true), (-7, false), (-3, true), (-4, false);
SELECT * FROM _timescaledb_catalog.continuous_aggs_invalidation_threshold;
 hypertable_id | watermark 
---------------+-----------
             1 |        15
(1 row)

SELECT * from _timescaledb_catalog.continuous_aggs_hypertable_invalidation_log;
 hypertable_id | lowest_modified_value | greatest_modified_value 
---------------+-----------------------+-------------------------
             1 |                    10 |                      15
             1 |                    10 |                      11
             1 |                     1 |                      15
             1 |                    -4 |                      -1
             1 |                    -7 |                      -3
(5 rows)

INSERT INTO continuous_agg_test VALUES (120, false), (200, true);
SELECT * FROM _timescaledb_catalog.continuous_aggs_invalidation_threshold;
 hypertable_id | watermark 
---------------+-----------
             1 |        15
(1 row)

SELECT * from _timescaledb_catalog.continuous_aggs_hypertable_invalidation_log;
 hypertable_id | lowest_modified_value | greatest_modified_value 
---------------+-----------------------+-------------------------
             1 |                    10 |                      15
             1 |                    10 |                      11
             1 |                     1 |                      15
             1 |                    -4 |                      -1
             1 |                    -7 |                      -3
(5 rows)

